// Jest Snapshot v1, https://goo.gl/fbAQLP

exports[`<OrderItem/> matches the snapshot 1`] = `""`;
