// Jest Snapshot v1, https://goo.gl/fbAQLP

exports[`<OrderList/> matches the snapshot 1`] = `""`;
